[jsobola.atari8.info/APPLE/index.html]
[backblue.gif]
[fade.gif]
[index.html]
[jsobola.atari8.info/APPLE/images/appl2gs1.jpg]
[jsobola.atari8.info/APPLE/images/ramcard1.jpg]
[jsobola.atari8.info/APPLE/images/ramcard2.jpg]
[jsobola.atari8.info/APPLE/images/2gs4MB1.jpg]
[jsobola.atari8.info/APPLE/images/2gs4MB2.jpg]
[jsobola.atari8.info/APPLE/images/siriusback.jpg]
[jsobola.atari8.info/APPLE/images/siriusfront.jpg]
[jsobola.atari8.info/APPLE/images/simm1.jpg]
[jsobola.atari8.info/APPLE/images/ramcard6.jpg]
[jsobola.atari8.info/APPLE/images/ramcard7.jpg]
[jsobola.atari8.info/APPLE/images/ramcard8.jpg]
[jsobola.atari8.info/APPLE/a2schem/4mram2gs.zip]
[jsobola.atari8.info/APPLE/images/ramcard9.jpg]
[jsobola.atari8.info/APPLE/images/ramcard10.jpg]
[jsobola.atari8.info/APPLE/images/a2scsi_1.jpg]
[jsobola.atari8.info/APPLE/images/sandwich1.jpg]
[jsobola.atari8.info/APPLE/images/stollfc1.jpg]
[jsobola.atari8.info/APPLE/a2schem/7segctrl.zip]
[jsobola.atari8.info/APPLE/a2schem/80col.zip]
[jsobola.atari8.info/APPLE/a2schem/applefdc.zip]
[jsobola.atari8.info/APPLE/a2schem/app2scsi.zip]
[jsobola.atari8.info/APPLE/a2schem/applez80.zip]
[jsobola.atari8.info/APPLE/a2schem/graphcar.zip]
[jsobola.atari8.info/APPLE/a2schem/hispscsi.zip]
[jsobola.atari8.info/APPLE/a2schem/indusfdd.zip]
[jsobola.atari8.info/APPLE/a2schem/mouscard.zip]
[jsobola.atari8.info/APPLE/a2schem/parallel.zip]
[jsobola.atari8.info/APPLE/a2schem/psu2gs.zip]
[jsobola.atari8.info/APPLE/a2schem/serial.zip]
[jsobola.atari8.info/APPLE/a2schem/stollfc.zip]
[jsobola.atari8.info/APPLE/a2schem/a2gsscsi.zip]
[jsobola.atari8.info/APPLE/images/dereatari.gif]
[jsobola.atari8.info/APPLE/images/osiembit.gif]
[jsobola.atari8.info/APPLE/index.html]
